// Jest Snapshot v1, https://goo.gl/fbAQLP

exports[`VideoIframe Snapshop test for VideoIframe 1`] = `
<div><iframe src="https://player.vimeo.com/video/123456789?color=111111" frameborder="0" webkitallowfullscreen="" mozallowfullscreen="" allowfullscreen="allowfullscreen" style="position: absolute; top: 0px; left: 0px; width: 100%; height: 100%;"></iframe>
  <!---->
</div>
`;
