// Jest Snapshot v1, https://goo.gl/fbAQLP

exports[`TeacherDashboard Snapshop test for TeacherDashboard 1`] = `
<div class="mx-4 lg:mx-0 mb-16 lg:mb-8">
  <div class="flex flex-col rounded-lg lg:flex-row lg:border lg:shadow">
    <div class="w-full mb-6 border rounded-lg shadow lg:mb-0 lg:w-1/2 lg:rounded-none lg:shadow-none lg:border-t-0 lg:border-b-0 lg:border-l-0">
      <teacheractionsteps-stub program="[object Object]"></teacheractionsteps-stub>
    </div>
    <div class="w-full border rounded-lg shadow lg:w-1/2 lg:border-none lg:shadow-none">
      <teacherpledgemeter-stub program="[object Object]"></teacherpledgemeter-stub>
    </div>
  </div>
</div>
`;
