// Jest Snapshot v1, https://goo.gl/fbAQLP

exports[`EditParticipantForm renders edit participant form 1`] = `
<form novalidate="novalidate">
  <div class="mx-4 md:mx-0 pb-4">
    <div class="student-info border-b mb-10 pb-10">
      <div class="max-w-md md:mx-auto">
        <div class="add-photo mb-8">
          <div class="flex items-center justify-start">
            <avatarimage-stub src="" should-emit="true" alt="Edit Participant Profile Image" class="cursor-pointer"></avatarimage-stub> <button class="button is-secondary rounded-full ml-3">

            </button>
          </div>
        </div>
        <h2 class="text-lg font-semibold mb-4">

        </h2>
        <baseinput-stub v="" label="" placeholder="" required="" value="Participant"></baseinput-stub>
        <baseinput-stub v="" label="" placeholder="" required="" value="User"></baseinput-stub>
        <div class="field"><label></label>
          <div class="control">
            <div class="select is-fullwidth"><select name="classroom" required="required" class="select"></select></div>
          </div>
        </div>
      </div>
    </div>
    <!---->
    <div class="pledge-goal border-b mb-10 pb-10">
      <div class="max-w-md md:mx-auto">
        <h2 class="text-lg font-semibold mb-4 capitalize">
          Pledge Goal <span>: per reading challenge</span></h2>
        <div class="field"><label for="goal-amount" class="text-sm">
            Goal Amount
          </label>
          <div class="control">
            <div class="flex items-center">
              <div><input id="goal-amount" step="1" min="0" type="number" class="input font-bold w-16 sm:w-32"></div>
              <div class="flex items-center">
                <div class="font-bold px-2 sm:px-4 text-lg">
                  =
                </div>
                <div class="leading-none"><span class="font-bold text-lg">
                                        $NaN to $NaN
                                    </span><br> <span class="text-xs">
                                        $1 <span class="capitalize">per reading challenge</span> = $30 to $35
                  </span></div>
              </div>
            </div>
          </div>
          <!---->
        </div>
      </div>
    </div>
    <div class="pledge-page-message mb-10">
      <div class="max-w-md md:mx-auto">
        <h2 class="text-lg font-semibold mb-2">
          Pledge Message
        </h2>
        <div class="editor">
          <editormenubar-stub editor="[object Object]"></editormenubar-stub>
          <editorcontent-stub class="editor__content border p-2 mb-10" editor="[object Object]"></editorcontent-stub>
        </div>
      </div>
    </div>
    <div class="text-center mb-10 pb-10">
      <div class="max-w-md md:mx-auto">
        <div class="flex flex-col items-center justify-start"><button class="inline-block w-full sm:w-64 mb-4 py-2 rounded-full leading-none text-lg font-semibold focus:outline-none focus:shadow-outline shadow-md bg-secondary text-white">
            Save
          </button> <a href="/v3/home/dashboard" class="inline-block w-full sm:w-64 mb-4 py-2 rounded-full leading-none text-lg font-semibold focus:outline-none focus:shadow-outline shadow-md bg-white text-secondary hover:text-secondary-light border border-secondary hover:border-secondary-light">
            Cancel
          </a></div> <a href="/v3/terms#" target="_new" class="inline-block mb-4">
          View Agreement
        </a><br> <button href="#" class="text-red">
          Delete
        </button>
      </div>
    </div>
  </div>
</form>
`;
