// Jest Snapshot v1, https://goo.gl/fbAQLP

exports[`PledgeReminderModal Snapshop test for PledgeReminderModal 1`] = `
<form action="" class="mx-auto max-w-xs rounded-xl overflow-hidden shadow-lg bg-white">
  <div class="modal-card bg-white" style="width: auto;"><button type="button" aria-label="close" class="modal-close inner-modal-close modal-close-btn-position is-large absolute bg-transparent mb-4">Ã—</button>
    <p class="text-center text-lg leading-normal mt-12 max-w-xs">send explanation</p>
    <p class="text-center font-semibold text-lg leading-normal mt-4">continue</p>
    <div class="controls px-6">
      <div class="text-center mt-5 pb-1">
        <div class="max-w-md mx-0 md:mx-auto">
          <div><button type="submit" class="button is-secondary is-rounded inline-block mb-4 w-64 shadow">
              send
              <!----></button><br> <button type="button" class="button border-grey-dark text-grey-dark is-rounded inline-block mb-4 w-64 is-outlined shadow">
              cancel
            </button></div>
        </div>
      </div>
    </div>
  </div>
  <!---->
  <!---->
</form>
`;
