// Jest Snapshot v1, https://goo.gl/fbAQLP

exports[`AppLoginFields Snapshop test for AppLoginFields 1`] = `
<div>
  <div class="form-group"><label for="email" class="sr-only">

    </label> <input type="email" name="email" required="required" class="is-invalid form-control mw-250px mx-auto"></div>
  <div class="form-group"><label for="email" class="sr-only">

    </label> <input type="password" name="password" required="required" class="is-invalid form-control mw-250px mx-auto"></div>
  <div class="d-flex mw-250px mx-auto mb-4">
    <div class="checkbox text-left mx-auto"><label><input type="checkbox" name="remember">
      </label></div>
    <div class="show-password text-right mx-auto"><a href="javascript:void(0);">

      </a></div>
  </div>
</div>
`;
