// Jest Snapshot v1, https://goo.gl/fbAQLP

exports[`BaseInput render correctly 1`] = `
<div class="field mb-4">
  <!---->
  <div class="control"><input placeholder="" name="textInput" type="text" class="input form-input w-full mb-1 border border-gray-400 rounded-lg focus:shadow-outline focus:bg-blue-100"></div>
  <!---->
  <!---->
  <!---->
  <!---->
  <!---->
  <!---->
  <!---->
  <!---->
  <!---->
  <!---->
  <!---->
</div>
`;
