// Jest Snapshot v1, https://goo.gl/fbAQLP

exports[`FinishLineParticipantCard renders finish line participant card correctly 1`] = `
<div class="max-w-lg mx-auto p-4 my-2 border border-grey-light rounded-lg shadow">
  <div class="media p-4">
    <div class="media-left">
      <avatarimage-stub alt="Jane" src="avatar-pathtest-image"></avatarimage-stub>
    </div>
    <div class="media-content self-center text-xl">
      <h2 class="text-base sm:text-xl font-dark text-black">
        Jane
      </h2>
      <h3 class="sm:text-sm text-xs mb-2 capitalize">
        Name Plural
      </h3>
    </div>
    <div class="media-right pt-2 self-start has-text-right text-base sm:text-2xl">
      <unitsform-stub participantuserid="5" units="0" unitnameplural="Name Plural" unitmax="30" canedit="true"></unitsform-stub>
    </div>
  </div>
</div>
`;
