// Jest Snapshot v1, https://goo.gl/fbAQLP

exports[`ConfirmationModal Snapshop test for ConfirmationModal 1`] = `
<div class="bg-grey-lightest pb-2 mx-auto shadow-md rounded-xl max-w-xs">
  <div class="modal-card" style="width: auto;"><button type="button" aria-label="close" class="modal-close inner-modal-close modal-close-btn-position is-large absolute bg-transparent mb-4">Ã—</button>
    <p class="text-center text-lg leading-normal mt-18 max-w-xs">about to delete</p>
    <p class="text-center font-semibold text-lg leading-normal mt-4 mb-6">continue</p>
    <div class="controls px-6">
      <div class="text-center mt-5 pb-1">
        <div class="max-w-md mx-0 md:mx-auto">
          <div><button type="submit" class="button is-danger is-rounded inline-block mb-4 w-64 shadow">
              delete
            </button> <br> <button type="button" class="button border-grey-dark text-grey-dark is-rounded inline-block mb-4 w-64 is-outlined shadow">
              cancel
            </button></div>
        </div>
      </div>
    </div>
  </div>
</div>
`;
