// Jest Snapshot v1, https://goo.gl/fbAQLP

exports[`VideoPlayerModal Snapshop test for VideoPlayerModal 1`] = `
<div>
  <figure class="image is-16by9 mb-4"><iframe src="https://player.vimeo.com/video/12345678?autoplay=1&amp;autopause=0" frameborder="0" webkitallowfullscreen="" mozallowfullscreen="" allowfullscreen="allowfullscreen" style="position: absolute; top: 0px; left: 0px; width: 100%; height: 100%;"></iframe></figure>
  <div class="close-button z-max"></div>
</div>
`;
