// Jest Snapshot v1, https://goo.gl/fbAQLP

exports[`RingChart Snapshop test for RingChart 1`] = `
<svg viewBox="0 0 36 36" class="circular-chart md:my-2 mx-auto">
  <path d="M18 2.0845
            a 15.9155 15.9155 0 0 1 0 31.831
            a 15.9155 15.9155 0 0 1 0 -31.831" class="circle-bg"></path>
  <path stroke-dasharray="10, 100" d="M18 2.0845
            a 15.9155 15.9155 0 0 1 0 31.831
            a 15.9155 15.9155 0 0 1 0 -31.831" class="circle"></path> <text x="18" y="20.35" class="percentage">10%</text>
</svg>
`;
